
> temp-app@0.1.0 typecheck
> tsc --noEmit --pretty false

